// Jest Snapshot v1, https://goo.gl/fbAQLP

exports[`<Controls/> matches control snapshot 1`] = `
<div
  className="controls panel"
>
  <button
    className="toggle-btn"
    disabled={true}
    title="lockButton"
  >
    Lock Gate
  </button>
  <button
    className="toggle-btn"
    title="gateButton"
  >
    Close Gate
  </button>
</div>
`;
